{[Ljava.lang.String;0 : {java.lang.String : xax
empty : {java.lang.Boolean : false
}
}
1 : {java.lang.String : xbx
empty : {java.lang.Boolean : false
}
}

}