{[Ljava.lang.Object;0 : {java.lang.String : a
empty : {java.lang.Boolean : false
}
}
1 : {[Ljava.lang.Object;<already visited>}

}